{
  "type": "node",
  "bundle": "collection_object",
  "title": "Parent Collection",
  "access_terms": [
    "Parent Collection"
  ]
}
