{
  "type": "media",
  "bundle": "extracted_text",
  "name": "Hello World",
  "original_name": "hello_world.txt",
  "size": 29,
  "mime_type": "text/plain",
  "use": [
    "Preservation Master File",
    "Original File"
  ],
  "access_terms": [
    "Media Group B",
    "Media Group A"
  ],
  "media_of": "Media Migration Repository Item One",
  "uri": {
    "url": "/system/files/53/06/43/aaed48b24d41bbe075579df620204d06d1",
    "value": "private://53/06/43/aaed48b24d41bbe075579df620204d06d1"
  },
  "extracted_text": {
    "value": "Hello, extracted text world!<br />\n",
    "format": "basic_html",
    "processed": "Hello, extracted text world!<br />"
  }
}
