{
  "type": "media",
  "bundle": "audio",
  "name": "Moo Cow",
  "original_name": "moo.mp3",
  "size": 82539,
  "mime_type": "audio/mpeg",
  "use": [
    "Preservation Master File",
    "Original File"
  ],
  "access_terms": [
    "Media Group B",
    "Media Group A"
  ],
  "media_of": "Media Migration Repository Item One",
  "uri": {
    "url": "/system/files/76/6d/51/a112896d48d3457fb3c5fa5fbdf661713d",
    "value": "private://76/6d/51/a112896d48d3457fb3c5fa5fbdf661713d"
  }
}
