{
  "type": "media",
  "bundle": "video",
  "name": "Chair Pop Video",
  "original_name": "chair-pop-gif.mp4",
  "size": 214707,
  "mime_type": "video/mp4",
  "use": [
    "Preservation Master File",
    "Original File"
  ],
  "access_terms": [
    "Media Group B",
    "Media Group A"
  ],
  "media_of": "Media Migration Repository Item One",
  "uri": {
    "url": "/system/files/34/e9/34/86f9a355930ac2c14f067082e6d584ea24",
    "value": "private://34/e9/34/86f9a355930ac2c14f067082e6d584ea24"
  }
}
